// Vitest Snapshot v1, https://vitest.dev/guide/snapshot.html

exports[`Generated Type Snapshots > should have stable exported type names 1`] = `
[
  "components",
  "operations",
  "paths",
  "webhooks",
]
`;

exports[`Generated Type Snapshots > should have stable operation IDs 1`] = `
[
  "access-git-interface",
  "access-git-interface-post",
  "assign-role",
  "cancel-simulation-unit-test-set-run",
  "create-agent",
  "create-agent-version",
  "create-api-key",
  "create-conversation",
  "create-dynamic-behavior-set",
  "create-dynamic-behavior-set-version",
  "create-invited-user",
  "create-metric",
  "create-organization",
  "create-role",
  "create-service",
  "create-service-hierarchical-state-machine",
  "create-service-hierarchical-state-machine-version",
  "create-simulation-persona",
  "create-simulation-persona-version",
  "create-simulation-scenario",
  "create-simulation-scenario-version",
  "create-simulation-unit-test",
  "create-simulation-unit-test-set",
  "create-simulation-unit-test-set-run",
  "create-temporary-permission-grant",
  "create-tool",
  "create-webhook-destination",
  "delete-agent",
  "delete-api-key",
  "delete-dynamic-behavior-instruction",
  "delete-metric",
  "delete-organization",
  "delete-service-hierarchical-state-machine",
  "delete-service-version-set",
  "delete-simulation-persona",
  "delete-simulation-scenario",
  "delete-simulation-unit-test",
  "delete-simulation-unit-test-set",
  "delete-user",
  "delete-webhook-destination",
  "deprecate-tool",
  "deprecate-tool-version",
  "evaluate-metrics",
  "finish-conversation",
  "generate-conversation-starter",
  "get-agent-versions",
  "get-agents",
  "get-api-keys",
  "get-conversation-messages",
  "get-conversations",
  "get-dynamic-behavior-invocations",
  "get-dynamic-behavior-set-versions",
  "get-dynamic-behavior-sets",
  "get-interaction-insights",
  "get-memories",
  "get-metric-evaluation-results",
  "get-metrics",
  "get-models",
  "get-organization",
  "get-prompt-logs",
  "get-service-hierarchical-state-machine-versions",
  "get-service-hierarchical-state-machines",
  "get-services",
  "get-simulation-persona-versions",
  "get-simulation-personas",
  "get-simulation-scenario-versions",
  "get-simulation-scenarios",
  "get-simulation-unit-test-set-run-artifacts",
  "get-simulation-unit-test-set-runs",
  "get-simulation-unit-test-sets",
  "get-simulation-unit-tests",
  "get-temporary-permission-grants",
  "get-tool-invocations",
  "get-tool-scaffold-release",
  "get-tool-versions",
  "get-tools",
  "get-user-dimensions",
  "get-user-model",
  "get-users",
  "get-webhook-deliveries",
  "interact-with-conversation",
  "invoke-tool-version",
  "modify-organization",
  "modify-role",
  "modify-tags-of-conversation",
  "modify-tool",
  "modify-tool-envvars",
  "modify-user-variables",
  "publish-tool-version",
  "recommend-responses-for-interaction",
  "retrieve-message-source",
  "rotate-webhook-destination-secret",
  "search-dynamic-behavior-sets",
  "search-metrics",
  "search-simulation-personas",
  "search-simulation-scenarios",
  "search-simulation-unit-test-sets",
  "search-simulation-unit-tests",
  "search-tool-invocations",
  "search-users",
  "sign-in-with-api-key",
  "sign-in-with-email",
  "submit-sql-query",
  "test-tool",
  "update-dynamic-behavior-set",
  "update-metric",
  "update-service",
  "update-simulation-persona",
  "update-simulation-scenario",
  "update-simulation-unit-test",
  "update-simulation-unit-test-set",
  "update-user-info",
  "update-webhook-destination",
  "upsert-service-version-set",
]
`;
